﻿
> client@0.0.0 build
> vite build

[36mvite v8.0.0 [32mbuilding client environment for production...[36m[39m
[2K
transforming...Γ£ô 2187 modules transformed.
node.exe : 
[31mΓ£ù[39m Build 
failed in 282ms
At line:1 char:1
+ & "C:\Program 
Files\nodejs/node.exe" 
"C:\Program 
Files\nodejs/node_mo 
...
+ ~~~~~~~~~~~~~~~~~~~~~
~~~~~~~~~~~~~~~~~~~~~~~
~~~~~~~~~~~~~~~~~~~~~~~
~~
    + CategoryInfo     
         : NotSpecifi  
  ed: ([31mΓ£ù[39m   
  Build failed in 2    
82ms:String) [], R    
emoteException
    + FullyQualifiedEr 
   rorId : NativeComm  
  andError
 
[31merror during 
build:
[31mBuild failed with 
1 error:

[plugin vite:css] 
C:/Users/sivas/prime ne
ws/client/src/index.css
:undefined:NaN
Error: [postcss] It 
looks like you're 
trying to use 
`tailwindcss` directly 
as a PostCSS plugin. 
The PostCSS plugin has 
moved to a separate 
package, so to 
continue using 
Tailwind CSS with 
PostCSS you'll need to 
install 
`@tailwindcss/postcss` 
and update your 
PostCSS configuration.
    at at 
(C:\Users\sivas\prime n
ews\client\node_modules
\tailwindcss\dist\lib.j
s:38:1643)
    at 
LazyResult.runOnRoot 
(C:\Users\sivas\prime n
ews\client\node_modules
\postcss\lib\lazy-resul
t.js:361:16)
    at 
LazyResult.runAsync 
(C:\Users\sivas\prime n
ews\client\node_modules
\postcss\lib\lazy-resul
t.js:290:26)
    at 
LazyResult.async 
(C:\Users\sivas\prime n
ews\client\node_modules
\postcss\lib\lazy-resul
t.js:192:30)
    at LazyResult.then 
(C:\Users\sivas\prime n
ews\client\node_modules
\postcss\lib\lazy-resul
t.js:436:17)[31m
    at aggregateBinding
ErrorsIntoJsError (file
:///C:/Users/sivas/prim
e%20news/client/node_mo
dules/rolldown/dist/sha
red/error-CP8smW_P.mjs:
48:18)
    at 
unwrapBindingResult (fi
le:///C:/Users/sivas/pr
ime%20news/client/node_
modules/rolldown/dist/s
hared/error-CP8smW_P.mj
s:18:128)
    at #build (file:///
C:/Users/sivas/prime%20
news/client/node_module
s/rolldown/dist/shared/
rolldown-build-4YnQkA76
.mjs:3311:34)
    at async 
buildEnvironment (file:
///C:/Users/sivas/prime
%20news/client/node_mod
ules/vite/dist/node/chu
nks/node.js:32794:64)
    at async 
Object.build (file:///C
:/Users/sivas/prime%20n
ews/client/node_modules
/vite/dist/node/chunks/
node.js:33216:19)
    at async 
Object.buildApp (file:/
//C:/Users/sivas/prime%
20news/client/node_modu
les/vite/dist/node/chun
ks/node.js:33213:153)
    at async 
CAC.<anonymous> (file:/
//C:/Users/sivas/prime%
20news/client/node_modu
les/vite/dist/node/cli.
js:778:3) {
  errors: 
[Getter/Setter]
}[39m
